[www.thespoiledmama.com/pages/faqs.html]
[backblue.gif]
[fade.gif]
[index.html]
[cdn.shopify.com/s/files/1/1116/9832/t/47/assets/apple-touch-icon-57x57a56b.png]
[cdn.shopify.com/s/files/1/1116/9832/t/47/assets/apple-touch-icon-60x60a191.png]
[edge.personalizer.io/storefront/2.0.0/js/shopify/storefront.mine0ee.js]
[cdn.shopify.com/s/files/1/1116/9832/t/47/assets/apple-touch-icon-72x72b136.png]
[cdn.shopify.com/s/files/1/1116/9832/t/47/assets/apple-touch-icon-76x76d19d.png]
[cdn.shopify.com/s/files/1/1116/9832/t/47/assets/apple-touch-icon-114x114648e.png]
[cdn.shopify.com/s/files/1/1116/9832/t/47/assets/apple-touch-icon-120x120f40e.png]
[cdn.shopify.com/s/files/1/1116/9832/t/47/assets/apple-touch-icon-144x14435fd.png]
[cdn.shopify.com/s/files/1/1116/9832/t/47/assets/apple-touch-icon-152x1527bdd.png]
[cdn.shopify.com/s/files/1/1116/9832/t/47/assets/apple-touch-icon-180x1806223.png]
[cdn.shopify.com/s/files/1/1116/9832/files/favicon-32x32d9e0.png]
[cdn.shopify.com/s/files/1/1116/9832/files/android-chrome-192x1929f84.png]
[cdn.shopify.com/s/files/1/1116/9832/files/favicon-96x961e69.png]
[cdn.shopify.com/s/files/1/1116/9832/files/favicon-16x16d249.png]
[cdn.shopify.com/s/files/1/1116/9832/t/47/assets/timber.scss7847.css]
[cdn.shopify.com/s/files/1/1116/9832/t/47/assets/fontawesome81c3.css]
[cdn.shopify.com/s/files/1/1116/9832/t/47/assets/dynamic43ed.css]
[d5zu2f4xvqanl.cloudfront.net/fe/loader_2a1cd.js]
[cdn.shopify.com/s/javascripts/tricorder/trekkie.storefront.min7bee.js]
[cdn.shopify.com/shopifycloud/boomerang/shopify-boomerang-1.0.0.min.js]
[cdn.shopify.com/s/assets/shop_events_listener-43fce3d908d9bd272394a7b71efb84146cdd385cdb9ca0fd444b2281d7f9b65a.js]
[cdn.shopify.com/s/assets/storefront/load_feature-589ff3342d639ed23c94f5fc11e03d64e0788e2a4a687391ebeeeef20eaf2f50.js]
[cdn.shopify.com/s/assets/shopify_pay/storefront-21b5dddfc8b64c1ad68cee3ba7448d1ffa15c24e969ebc1fbccf1a3784b659ad99c2.js]
[cdn.shopify.com/s/assets/storefront/features-87e8399988880142f2c62771b9d8f2ff6c290b3ff745dd426eb0dfe0db9d1dae.js]
[cdn.shopify.com/s/assets/themes_support/ga_urchin_forms-99e991855b3d8ddc69e625c68ab0579dd9927b611c2ec4943d396c72e3af0849.js]
[ajax.googleapis.com/ajax/libs/jquery/1.11.0/jquery.min.js]
[cdn.shopify.com/s/assets/themes_support/option_selection-fe6b72c2bbdd3369ac0bfefe8648e3c889efca213baefd4cfb0dd9363563831f.js]
[cdn.ampproject.org/v0/amp-analytics-0.1.js]
[sdk.loyaltylion.net/static/2/loadera18a.js]
[connect.facebook.net/en_US/sdk.js]
[cdn.shopify.com/s/files/1/1116/9832/t/47/assets/vendor7dd5.js]
[www.thespoiledmama.com/pages/pregnancy-skin-care.html]
[www.thespoiledmama.com/pages/the-spoiled-mama-reviews.html]
[www.thespoiledmama.com/pages/rewards.html]
[www.thespoiledmama.com/pages/about-us.html]
[www.thespoiledmama.com/pages/contact-us.html]
[cdn.shopify.com/s/files/1/1116/9832/t/47/assets/free_deliveryac43.gif]
[cdn.shopify.com/s/files/1/1116/9832/t/47/assets/logo2ee0.png]
[www.thespoiledmama.com/pages/shipping-delivery.html]
[cdn.shopify.com/s/files/1/1116/9832/t/47/assets/megamenu-imgb054.jpg]
[www.thespoiledmama.com/pages/my-account.html]
[www.thespoiledmama.com/pages/product-questions.html]
[www.thespoiledmama.com/pages/ordering.html]
[www.thespoiledmama.com/pages/returns-exchanges.html]
[cdn.shopify.com/s/files/1/1116/9832/files/Screen_Shot_2019-03-21_at_5.09.30_PM_large1ff1.png]
[www.thespoiledmama.com/pages/returns-exchanges-1.html]
[cdn.shopify.com/s/files/1/1116/9832/files/logo_footer6ef1.png]
[www.thespoiledmama.com/pages/afterpay.html]
[www.thespoiledmama.com/pages/retailers.html]
[www.thespoiledmama.com/pages/resources.html]
[www.thespoiledmama.com/pages/press.html]
[www.thespoiledmama.com/pages/affiliate-program-the-spoiled-mama-pregnancy-skincare.html]
[www.thespoiledmama.com/pages/wholesale.html]
[www.thespoiledmama.com/pages/sign-me-up.html]
[www.thespoiledmama.com/pages/pregnancy-checklist.html]
[www.thespoiledmama.com/pages/privacy-policy.html]
[www.thespoiledmama.com/pages/rewards-old.html]
[verify.authorize.net/anetseal/seal.js]
[cdn.shopify.com/s/files/1/1116/9832/t/47/assets/mcafee_logo17f4.png]
[cdn.shopify.com/s/files/1/1116/9832/files/amazonc53a.png]
[cdn.shopify.com/s/files/1/1116/9832/t/47/assets/timber64af.js]
[cdn.shopify.com/s/files/1/1116/9832/t/47/assets/ajax-carte52a.js]
[d5zu2f4xvqanl.cloudfront.net/4/fe/loader_2a1cd.js]
[www.thespoiledmama.com/apps/sap/fe/loader_2a1cd.js]
[cdn-stamped-io.azureedge.net/files/widget.min.js]
[www.thespoiledmama.com/pages/faqs.html]
[static.afterpay.com/shopify-afterpay-javascript.js]
[cdn.shopify.com/s/files/1/1116/9832/t/47/assets/iconse34e.woff]
[cdn.shopify.com/s/files/1/1116/9832/t/47/assets/icons0596.ttf]
[cdn.shopify.com/s/files/1/1116/9832/t/47/assets/iconsfbb7.eot]
[cdn.shopify.com/s/files/1/1116/9832/t/47/assets/icons8430.svg]
[cdn.shopify.com/s/files/1/1116/9832/t/47/assets/ico-selectc881.svg]
[cdn.shopify.com/s/files/1/1116/9832/t/47/assets/custom-iconsb5d4.eot]
[cdn.shopify.com/s/files/1/1116/9832/t/47/assets/custom-icons982f.woff]
[cdn.shopify.com/s/files/1/1116/9832/t/47/assets/custom-iconsf5ee.eot]
[cdn.shopify.com/s/files/1/1116/9832/t/47/assets/custom-icons4f5f.ttf]
[cdn.shopify.com/s/files/1/1116/9832/t/47/assets/custom-icons9485.svg#custom-icons]
[cdn.shopify.com/s/files/1/1116/9832/t/47/assets/no-entry55cf.png]
[cdn.shopify.com/s/files/1/1116/9832/t/47/assets/timber.scss7847.css]
[cdn.shopify.com/s/files/1/1116/9832/t/47/assets/fa-brands-400.woff2]
[cdn.shopify.com/s/files/1/1116/9832/t/47/assets/fa-brands-400.woff]
[cdn.shopify.com/s/files/1/1116/9832/t/47/assets/fa-brands-400.ttf]
[cdn.shopify.com/s/files/1/1116/9832/t/47/assets/fa-brands-400.eot]
[cdn.shopify.com/s/files/1/1116/9832/t/47/assets/fa-brands-400.svg]
[cdn.shopify.com/s/files/1/1116/9832/t/47/assets/fa-light-300.woff2]
[cdn.shopify.com/s/files/1/1116/9832/t/47/assets/fa-light-300.woff]
[cdn.shopify.com/s/files/1/1116/9832/t/47/assets/fa-brands-400d41d.eot]
[cdn.shopify.com/s/files/1/1116/9832/t/47/assets/fa-light-300.ttf]
[cdn.shopify.com/s/files/1/1116/9832/t/47/assets/fa-light-300.eot]
[cdn.shopify.com/s/files/1/1116/9832/t/47/assets/fa-light-300.svg]
[cdn.shopify.com/s/files/1/1116/9832/t/47/assets/fa-regular-400.eot]
[cdn.shopify.com/s/files/1/1116/9832/t/47/assets/fa-regular-400.woff2]
[cdn.shopify.com/s/files/1/1116/9832/t/47/assets/fa-regular-400d41d.eot]
[cdn.shopify.com/s/files/1/1116/9832/t/47/assets/fa-regular-400.woff]
[cdn.shopify.com/s/files/1/1116/9832/t/47/assets/fa-regular-400.ttf]
[cdn.shopify.com/s/files/1/1116/9832/t/47/assets/fa-light-300d41d.eot]
[cdn.shopify.com/s/files/1/1116/9832/t/47/assets/fa-regular-400.svg]
[cdn.shopify.com/s/files/1/1116/9832/t/47/assets/fa-solid-900.woff2]
[cdn.shopify.com/s/files/1/1116/9832/t/47/assets/fa-solid-900.woff]
[cdn.shopify.com/s/files/1/1116/9832/t/47/assets/fa-solid-900.eot]
[cdn.shopify.com/s/files/1/1116/9832/t/47/assets/fa-solid-900.ttf]
[cdn.shopify.com/s/files/1/1116/9832/t/47/assets/fa-solid-900.svg]
[cdn.shopify.com/s/files/1/1116/9832/t/47/assets/fontawesome81c3.css]
[cdn.shopify.com/s/files/1/1116/9832/t/47/assets/CrystalSkyAlt.woff2]
[cdn.shopify.com/s/files/1/1116/9832/t/47/assets/CrystalSkyAlt.eot]
[cdn.shopify.com/s/files/1/1116/9832/t/47/assets/CrystalSkyAlt.woff]
[cdn.shopify.com/s/files/1/1116/9832/t/47/assets/fa-solid-900d41d.eot]
[cdn.shopify.com/s/files/1/1116/9832/t/47/assets/CrystalSkyAlt.ttf]
[cdn.shopify.com/s/files/1/1116/9832/t/47/assets/CrystalSkyAltd41d.eot]
[cdn.shopify.com/s/files/1/1116/9832/t/47/assets/CrystalSkyAlt.svg]
[cdn.shopify.com/s/files/1/1116/9832/t/47/assets/Rams-Light.woff2]
[cdn.shopify.com/s/files/1/1116/9832/t/47/assets/Rams-Light.woff]
[cdn.shopify.com/s/files/1/1116/9832/t/47/assets/Rams-Light.eot]
[cdn.shopify.com/s/files/1/1116/9832/t/47/assets/Rams-Light.ttf]
[cdn.shopify.com/s/files/1/1116/9832/t/47/assets/Rams-Light.svg]
[cdn.shopify.com/s/files/1/1116/9832/t/47/assets/Rams-Lightd41d.eot]
[cdn.shopify.com/s/files/1/1116/9832/t/47/assets/Rams-Bold.woff2]
[cdn.shopify.com/s/files/1/1116/9832/t/47/assets/Rams-Bold.woff]
[cdn.shopify.com/s/files/1/1116/9832/t/47/assets/Rams-Bold.eot]
[cdn.shopify.com/s/files/1/1116/9832/t/47/assets/Rams-Bold.ttf]
[cdn.shopify.com/s/files/1/1116/9832/t/47/assets/Rams-Bold.svg]
[cdn.shopify.com/s/files/1/1116/9832/t/47/assets/main-banner.jpg]
[cdn.shopify.com/s/files/1/1116/9832/files/login-banner0d3d.jpg]
[cdn.shopify.com/s/files/1/1116/9832/t/47/assets/Rams-Boldd41d.eot]
[cdn.shopify.com/s/files/1/1116/9832/t/47/assets/hart-1.png]
[cdn.shopify.com/s/files/1/1116/9832/t/47/assets/hart-2.png]
[cdn.shopify.com/s/files/1/1116/9832/t/47/assets/hart-3.png]
[cdn.shopify.com/s/files/1/1116/9832/t/47/assets/favicon-icon.png]
[cdn.shopify.com/s/files/1/1116/9832/t/47/assets/dynamic43ed.css]
[connect.facebook.net/en_US/sdk.js]
[cdn.shopify.com/s/files/1/1116/9832/t/47/compiled_assets/styles9ba0.css]
[cdn.shopify.com/s/files/1/1116/9832/files/stretch-marks-desktop_72cb97d8-f6c0-4274-8a1b-a4f026faaf0ac4c4.jpg]
[cdn.shopify.com/s/files/1/1116/9832/files/stretch-marks-mobileba1a.jpg]
[cdn.shopify.com/s/files/1/1116/9832/files/itchy-belly-desktop_b33ffafa-263a-42a1-a6fd-62136893eff6d937.jpg]
[cdn.shopify.com/s/files/1/1116/9832/files/itchy-belly-mobile02c2.jpg]
[cdn.shopify.com/s/files/1/1116/9832/files/swollen-feet-desktop_4a921abb-6147-4a4b-b75e-ac3260d8a9003565.jpg]
[cdn.shopify.com/s/files/1/1116/9832/files/swollen-feet-mobilee3be.jpg]
[cdn.shopify.com/s/files/1/1116/9832/files/pregnancy-acne-desktop_9b6d105a-ce8c-408c-a094-7d24c7b316842bf8.jpg]
[cdn.shopify.com/s/files/1/1116/9832/files/pregnancy-acne-mobile964c.jpg]
[cdn.shopify.com/s/files/1/1116/9832/files/morning-sickness-desktop_405ae95b-fcc4-4434-b78a-0ce1e0ed668d6b23.jpg]
[cdn.shopify.com/s/files/1/1116/9832/files/morning-sickness-mobilefc40.jpg]
[cdn.shopify.com/s/files/1/1116/9832/files/mask-of-pregnancy-desktopd85e.jpg]
[cdn.shopify.com/s/files/1/1116/9832/files/mask-of-pregnancyd91a.jpg]
[cdn.shopify.com/s/files/1/1116/9832/files/post-pregnancy-care-desktop71c2.jpg]
[cdn.shopify.com/s/files/1/1116/9832/files/post-pregnancy-cared91a.jpg]
[cdn.shopify.com/s/files/1/1116/9832/files/breastfeeding-desktop5e30.jpg]
[cdn.shopify.com/s/files/1/1116/9832/files/breastfeeding385d.jpg]
[www.thespoiledmama.com/pages/pregnancy-skin-care.html]
[www.thespoiledmama.com/pages/the-spoiled-mama-reviews.html]
[cdn.shopify.com/s/files/1/1116/9832/t/47/assets/loyalty-hero46ac.png]
[cdn.shopify.com/s/files/1/1116/9832/t/47/assets/right-arrow8dc8.png]
[cdn.shopify.com/s/files/1/1116/9832/files/Screen_Shot_2017-09-07_at_11.58.31_AM_large4c9d.png]
[www.thespoiledmama.com/pages/rewards.html]
[cdn.shopify.com/s/files/1/1116/9832/t/47/assets/left-image2716.jpg]
[cdn.shopify.com/s/files/1/1116/9832/t/47/assets/title256ba.png]
[cdn.shopify.com/s/files/1/1116/9832/t/47/assets/graz-strokeef5c.png]
[cdn.shopify.com/s/files/1/1116/9832/t/47/assets/right-image734c.jpg]
[cdn.shopify.com/s/files/1/1116/9832/t/47/assets/whos-your-mamabe47.jpg]
[cdn.shopify.com/s/files/1/1116/9832/t/47/assets/brief-history-thumb-1_02ba1f.jpg]
[cdn.shopify.com/s/files/1/1116/9832/t/47/assets/brief-history-thumb-1_04f5f1.jpg]
[www.thespoiledmama.com/pages/meet-our-team.html]
[cdn.shopify.com/s/files/1/1116/9832/t/47/assets/brief-history-thumb-1_0649f2.jpg]
[cdn.shopify.com/s/files/1/1116/9832/t/47/assets/brief-history-thumb-1_10831b.jpg]
[cdn.shopify.com/s/files/1/1116/9832/t/47/assets/brief-history-thumb-1_11e5fd.jpg]
[cdn.shopify.com/s/files/1/1116/9832/t/47/assets/brief-history-thumb-1_124f91.jpg]
[www.thespoiledmama.com/pages/about-us.html]
[cdn.shopify.com/s/files/1/1116/9832/files/location_icna8a6.png]
[cdn.shopify.com/s/files/1/1116/9832/files/phone_icn8143.png]
[www.thespoiledmama.com/pages/contact-us.html]
[www.thespoiledmama.com/pages/shipping-delivery.html]
[www.thespoiledmama.com/pages/my-account.html]
[cdn.shopify.com/s/files/1/1116/9832/files/pregnancy_48_icon038d.png]
[cdn.shopify.com/s/files/1/1116/9832/files/postpartum_48_icon1290.png]
[cdn.shopify.com/s/files/1/1116/9832/files/breastfeeding_48_icon853b.png]
[cdn.shopify.com/s/files/1/1116/9832/files/baby_48_icon8cc3.png]
[www.thespoiledmama.com/pages/product-questions.html]
[www.thespoiledmama.com/pages/ordering.html]
[www.thespoiledmama.com/pages/returns-exchanges.html]
[cdn.shopify.com/s/files/1/1116/9832/files/Screen_Shot_2019-06-26_at_3.42.22_PM_compactfa5a.png]
[www.thespoiledmama.com/pages/returns-exchanges-1.html]
[cdn.shopify.com/s/files/1/1116/9832/files/AFTERPAY_header-12e21.jpg]
[cdn.shopify.com/s/files/1/1116/9832/files/afterpay_header-1-mobiledc9b.jpg]
[cdn.shopify.com/s/files/1/1116/9832/files/AFTERPAY_box-1f04e.png]
[cdn.shopify.com/s/files/1/1116/9832/files/AFTERPAY_box-2d21c.png]
[cdn.shopify.com/s/files/1/1116/9832/files/after_pay_box-32d0e.png]
[www.thespoiledmama.com/pages/afterpay.html]
[www.thespoiledmama.com/pages/retailers.html]
[cdn.shopify.com/s/files/1/1116/9832/files/resourse-img1_larged8f4.jpg]
[cdn.shopify.com/s/files/1/1116/9832/files/babycenter_large15db.jpg]
[cdn.shopify.com/s/files/1/1116/9832/files/Environmental_Working_Group_large2633.jpg]
[cdn.shopify.com/s/files/1/1116/9832/files/LearnVest_large9585.png]
[www.thespoiledmama.com/pages/retailers-2.html]
[cdn.shopify.com/s/files/1/1116/9832/files/WebMD_large55ee.jpg]
[www.thespoiledmama.com/pages/resources.html]
[www.thespoiledmama.com/pages/press.html]
[cdn.shopify.com/s/files/1/1116/9832/files/Screen_Shot_2017-06-02_at_5.17.06_PM_1024x102406e6.png]
[cdn.shopify.com/s/files/1/1116/9832/files/Screen_Shot_2017-06-02_at_5.15.39_PM_1024x10248465.png]
[cdn.shopify.com/s/files/1/1116/9832/files/Screen_Shot_2017-06-02_at_5.19.21_PM_1024x1024e6fe.png]
[www.thespoiledmama.com/pages/affiliate-program-the-spoiled-mama-pregnancy-skincare.html]
[www.thespoiledmama.com/pages/wholesale.html]
[www.thespoiledmama.com/pages/sign-me-up.html]
[www.thespoiledmama.com/pages/first-trimester.html]
[cdn.shopify.com/s/files/1/1116/9832/files/pregnancy_checklist-02_largee44f.jpg]
[www.thespoiledmama.com/pages/second-trimester.html]
[cdn.shopify.com/s/files/1/1116/9832/files/pregnancy_checklist-02.2_largec77b.jpg]
[www.thespoiledmama.com/pages/third-trimester.html]
[cdn.shopify.com/s/files/1/1116/9832/files/pregnancy_checklist-02.5_largeb673.jpg]
[www.thespoiledmama.com/pages/pregnancy-checklist.html]
[www.thespoiledmama.com/pages/privacy-policy.html]
[cdn.shopify.com/s/files/1/1116/9832/t/47/assets/gift24c1.png]
[cdn.shopify.com/s/files/1/1116/9832/t/47/assets/discountdd77.png]
[cdn.shopify.com/s/files/1/1116/9832/t/47/assets/vip21e6.png]
[www.thespoiledmama.com/pages/third-trimester-2.html]
[cdn.shopify.com/s/files/1/1116/9832/t/47/assets/ticket1baf.png]
[cdn.shopify.com/s/files/1/1116/9832/t/47/assets/gold-medal6a8a.png]
[cdn.shopify.com/s/files/1/1116/9832/t/47/assets/silver-medalcaef.png]
[cdn.shopify.com/s/files/1/1116/9832/t/47/assets/bronze-medal86f5.png]
[www.thespoiledmama.com/pages/rewards-old.html]
[static.afterpay.com/modal/us.css]
[static.afterpay.com/us-popup-medium.png]
[static.afterpay.com/us-popup-small.png]
[static.afterpay.com/lightbox-desktop-cbt.png]
[static.afterpay.com/lightbox-mobile-cbt.png]
[static.afterpay.com/lightbox-desktop.png]
[static.afterpay.com/lightbox-mobile.png]
[ajax.googleapis.com/ajax/libs/jquery/3.4.1/jquery.min.js]
[static.afterpay.com/shopify-afterpay-javascript.js]
[cdn.shopify.com/s/files/1/1116/9832/t/47/assets/icons8430.svg]
[cdn.shopify.com/s/files/1/1116/9832/t/47/assets/ico-selectc881.svg]
[cdn.shopify.com/s/files/1/1116/9832/t/47/assets/custom-icons9485.html]
[cdn.shopify.com/s/files/1/1116/9832/t/47/assets/fa-brands-400.svg]
[cdn.shopify.com/s/files/1/1116/9832/t/47/assets/fa-light-300.svg]
[cdn.shopify.com/s/files/1/1116/9832/t/47/assets/fa-regular-400.svg]
[cdn.shopify.com/s/files/1/1116/9832/t/47/assets/fa-solid-900.svg]
[cdn.shopify.com/s/files/1/1116/9832/t/47/assets/CrystalSkyAlt.svg]
[cdn.shopify.com/s/files/1/1116/9832/t/47/assets/Rams-Light.svg]
[cdn.shopify.com/s/files/1/1116/9832/t/47/assets/Rams-Bold.svg]
[cdn.shopify.com/s/files/1/1116/9832/t/47/compiled_assets/styles9ba0.css]
[cdn.shopify.com/s/files/1/1116/9832/t/47/compiled_assets/scripts9ba0.js]
[cdn.shopify.com/s/files/1/1116/9832/t/47/assets/team1_1024xb3d2.png]
[cdn.shopify.com/s/files/1/1116/9832/t/47/assets/team2_1024xdf23.png]
[cdn.shopify.com/s/files/1/1116/9832/t/47/assets/team3_1024x7675.png]
[cdn.shopify.com/s/files/1/1116/9832/t/47/assets/team4_1024xbb6e.png]
[cdn.shopify.com/s/files/1/1116/9832/t/47/assets/team5_1024xced6.png]
[www.thespoiledmama.com/pages/meet-our-team.html]
[www.thespoiledmama.com/pages/retailers-2.html]
[www.thespoiledmama.com/pages/first-trimester.html]
[www.thespoiledmama.com/pages/second-trimester.html]
[www.thespoiledmama.com/pages/third-trimester.html]
[www.thespoiledmama.com/pages/third-trimester-2.html]
[static.afterpay.com/modal/us.css]
